✅ Libraries loaded
⚠️ Brain chain not available (optional)
🔧 Initializing systems...
✅ Integrated Smart Video Maker ready!

📊 AI LEARNING STATUS:
   Videos created: 1
   Success rate: 100.0%
   Patterns learned: 0
   Pending improvements: 0
✅ Autonomous Learning Agent initialized

======================================================================
🤖 AUTONOMOUS TRAINING SESSION STARTED
   Creating 5 videos for learning
======================================================================

======================================================================
🎬 VIDEO 1/5
======================================================================
📝 Scenario: morning_walk

======================================================================
🧠🎬 SMART VIDEO CREATION STARTED
======================================================================

🎬 Creating video...

======================================================================
🎬 REALISTIC MOVIE MAKER
   Photo-Quality Visuals • Punjabi Voice • Background Music
======================================================================

✅ Found 1 scene(s)

🔊 Generating voice narration...
   Scene 1: 6.4s

🎥 Scene 1/1: ਸਵੇਰੇ ਦੀ ਸੈਰ ਬਹੁਤ ਸਿਹਤਮੰਦ ਹੈ। Morning walk is very...
   ✅ Generated 191 frames

🔗 Combining 1 scenes...

💾 Writing video...

🎵 Adding background music...

🔗 Merging audio...

======================================================================
✅ REALISTIC MOVIE CREATED!
======================================================================
📁 File: /Users/gurpreetdhillon/Nam-toon-studio/training_video_20251203_214537_1.mp4
📊 Size: 0.40 MB
⏱️  Duration: 6.4s
🎬 Scenes: 1
🎞️  Total Frames: 191
🎥 FPS: 30
📐 Resolution: 1920x1080
🔊 Voice: ✅ Yes
🎵 Music: ✅ Yes
🎨 Quality: ⭐⭐⭐⭐⭐ REALISTIC!
======================================================================


✅ Video created successfully: /Users/gurpreetdhillon/Nam-toon-studio/training_video_20251203_214537_1.mp4
🤖 Auto-feedback recorded: 5/5
✅ Video 1 completed

⏳ Waiting 2 seconds before next video...

======================================================================
🎬 VIDEO 2/5
======================================================================
📝 Scenario: guru_teaching

======================================================================
🧠🎬 SMART VIDEO CREATION STARTED
======================================================================

🎬 Creating video...

======================================================================
🎬 REALISTIC MOVIE MAKER
   Photo-Quality Visuals • Punjabi Voice • Background Music
======================================================================

✅ Found 1 scene(s)

🔊 Generating voice narration...
   Scene 1: 7.0s

🎥 Scene 1/1: ਗੁਰੂ ਜੀ ਨੇ ਕਿਹਾ, ਸਿਖੋ ਤੇ ਸਿਖਾਓ। Guru ji said, lear...
   ✅ Generated 210 frames

🔗 Combining 1 scenes...

💾 Writing video...

🎵 Adding background music...

🔗 Merging audio...

======================================================================
✅ REALISTIC MOVIE CREATED!
======================================================================
📁 File: /Users/gurpreetdhillon/Nam-toon-studio/training_video_20251203_214537_2.mp4
📊 Size: 0.40 MB
⏱️  Duration: 7.0s
🎬 Scenes: 1
🎞️  Total Frames: 210
🎥 FPS: 30
📐 Resolution: 1920x1080
🔊 Voice: ✅ Yes
🎵 Music: ✅ Yes
🎨 Quality: ⭐⭐⭐⭐⭐ REALISTIC!
======================================================================


✅ Video created successfully: /Users/gurpreetdhillon/Nam-toon-studio/training_video_20251203_214537_2.mp4
🤖 Auto-feedback recorded: 3/5
✅ Video 2 completed

⏳ Waiting 2 seconds before next video...

======================================================================
🎬 VIDEO 3/5
======================================================================
📝 Scenario: guru_teaching

======================================================================
🧠🎬 SMART VIDEO CREATION STARTED
======================================================================

🎬 Creating video...

======================================================================
🎬 REALISTIC MOVIE MAKER
   Photo-Quality Visuals • Punjabi Voice • Background Music
======================================================================

✅ Found 1 scene(s)

🔊 Generating voice narration...
   Scene 1: 7.0s

🎥 Scene 1/1: ਗੁਰੂ ਜੀ ਨੇ ਕਿਹਾ, ਸਿਖੋ ਤੇ ਸਿਖਾਓ। Guru ji said, lear...
   ✅ Generated 210 frames

🔗 Combining 1 scenes...

💾 Writing video...

🎵 Adding background music...

🔗 Merging audio...

======================================================================
✅ REALISTIC MOVIE CREATED!
======================================================================
📁 File: /Users/gurpreetdhillon/Nam-toon-studio/training_video_20251203_214537_3.mp4
📊 Size: 0.40 MB
⏱️  Duration: 7.0s
🎬 Scenes: 1
🎞️  Total Frames: 210
🎥 FPS: 30
📐 Resolution: 1920x1080
🔊 Voice: ✅ Yes
🎵 Music: ✅ Yes
🎨 Quality: ⭐⭐⭐⭐⭐ REALISTIC!
======================================================================


✅ Video created successfully: /Users/gurpreetdhillon/Nam-toon-studio/training_video_20251203_214537_3.mp4

🧠 AI LEARNED NEW IMPROVEMENT:
   Pattern: prefer_realistic
   Reason: User wants realistic rendering
   Solution: Use photo-realistic rendering techniques
   Priority: 4/10
🤖 Auto-feedback recorded: 3/5
✅ Video 3 completed

⏳ Waiting 2 seconds before next video...

======================================================================
🎬 VIDEO 4/5
======================================================================
📝 Scenario: guru_teaching

======================================================================
🧠🎬 SMART VIDEO CREATION STARTED
======================================================================

💡 AI SUGGESTIONS:
   • Focus on photo-realistic details (shadows, textures, anatomy)

🎬 Creating video...

======================================================================
🎬 REALISTIC MOVIE MAKER
   Photo-Quality Visuals • Punjabi Voice • Background Music
======================================================================

✅ Found 1 scene(s)

🔊 Generating voice narration...
   Scene 1: 7.0s

🎥 Scene 1/1: ਗੁਰੂ ਜੀ ਨੇ ਕਿਹਾ, ਸਿਖੋ ਤੇ ਸਿਖਾਓ। Guru ji said, lear...
   ✅ Generated 210 frames

🔗 Combining 1 scenes...

💾 Writing video...

🎵 Adding background music...

🔗 Merging audio...

======================================================================
✅ REALISTIC MOVIE CREATED!
======================================================================
📁 File: /Users/gurpreetdhillon/Nam-toon-studio/training_video_20251203_214537_4.mp4
📊 Size: 0.40 MB
⏱️  Duration: 7.0s
🎬 Scenes: 1
🎞️  Total Frames: 210
🎥 FPS: 30
📐 Resolution: 1920x1080
🔊 Voice: ✅ Yes
🎵 Music: ✅ Yes
🎨 Quality: ⭐⭐⭐⭐⭐ REALISTIC!
======================================================================


✅ Video created successfully: /Users/gurpreetdhillon/Nam-toon-studio/training_video_20251203_214537_4.mp4

🧠 AI LEARNED NEW IMPROVEMENT:
   Pattern: prefer_realistic
   Reason: User wants realistic rendering
   Solution: Use photo-realistic rendering techniques
   Priority: 6/10
🤖 Auto-feedback recorded: 3/5
✅ Video 4 completed

⏳ Waiting 2 seconds before next video...

======================================================================
🎬 VIDEO 5/5
======================================================================
📝 Scenario: guru_teaching

======================================================================
🧠🎬 SMART VIDEO CREATION STARTED
======================================================================

💡 AI SUGGESTIONS:
   • Focus on photo-realistic details (shadows, textures, anatomy)

🎬 Creating video...

======================================================================
🎬 REALISTIC MOVIE MAKER
   Photo-Quality Visuals • Punjabi Voice • Background Music
======================================================================

✅ Found 1 scene(s)

🔊 Generating voice narration...
   Scene 1: 7.0s

🎥 Scene 1/1: ਗੁਰੂ ਜੀ ਨੇ ਕਿਹਾ, ਸਿਖੋ ਤੇ ਸਿਖਾਓ। Guru ji said, lear...
   ✅ Generated 210 frames

🔗 Combining 1 scenes...

💾 Writing video...

🎵 Adding background music...

🔗 Merging audio...

======================================================================
✅ REALISTIC MOVIE CREATED!
======================================================================
📁 File: /Users/gurpreetdhillon/Nam-toon-studio/training_video_20251203_214537_5.mp4
📊 Size: 0.40 MB
⏱️  Duration: 7.0s
🎬 Scenes: 1
🎞️  Total Frames: 210
🎥 FPS: 30
📐 Resolution: 1920x1080
🔊 Voice: ✅ Yes
🎵 Music: ✅ Yes
🎨 Quality: ⭐⭐⭐⭐⭐ REALISTIC!
======================================================================


✅ Video created successfully: /Users/gurpreetdhillon/Nam-toon-studio/training_video_20251203_214537_5.mp4

🧠 AI LEARNED NEW IMPROVEMENT:
   Pattern: prefer_realistic
   Reason: User wants realistic rendering
   Solution: Use photo-realistic rendering techniques
   Priority: 8/10
🤖 Auto-feedback recorded: 3/5
✅ Video 5 completed

======================================================================
📊 TRAINING SESSION COMPLETE
======================================================================
✅ Videos created: 5
✅ Successful: 5
❌ Failed: 0
⏱️  Duration: 490.6 seconds
📈 Success rate: 100.0%

🧠 AI LEARNING AFTER THIS SESSION:

======================================================================
🧠 AI LEARNING PROGRESS REPORT
======================================================================

📊 STATISTICS:
   Total videos: 6
   Success rate: 100.0%
   Average satisfaction: 3.0/5
   Patterns learned: 2

🔍 LEARNED PATTERNS:
   • positive_animation_quality_good: 1x times
   • prefer_realistic: 4x times

🔧 PENDING IMPROVEMENTS (3):
   1. Use photo-realistic rendering techniques
      Priority: 8/10
   2. Use photo-realistic rendering techniques
      Priority: 6/10
   3. Use photo-realistic rendering techniques
      Priority: 4/10

💡 AI RECOMMENDATIONS:
   1. Focus on photo-realistic details (shadows, textures, anatomy)
      Confidence: 100%

======================================================================
