
======================================================================
🌙 FULL OVERNIGHT TRAINING
   ਸਾਰਾ My Passport Data
   ਵਾਹਿਗੁਰੂ ਜੀ ਕਾ ਖਾਲਸਾ, ਵਾਹਿਗੁਰੂ ਜੀ ਕੀ ਫਤਿਹ
======================================================================

🌙 FULL OVERNIGHT TRAINING - ALL DATA
======================================================================
[21:02:20] 🚀 STARTING FULL OVERNIGHT TRAINING
[21:02:20]    Time: 09:02 PM
[21:02:20]    Source: My Passport Drive
[21:02:20]    Target: ALL available data
[21:02:20] 
📸 Phase 1: Importing ALL Photos
[21:02:20]    Scanning: gurpreet pics
[21:02:20]       Found: 1259 photos
[21:02:23]       Copied: 100 photos...
[21:02:26]       Copied: 200 photos...
[21:02:29]       Copied: 300 photos...
[21:02:32]       Copied: 400 photos...
[21:02:34]       Copied: 500 photos...
[21:02:37]       Copied: 600 photos...
[21:08:50]       Copied: 700 photos...
[21:08:53]       Copied: 800 photos...
[21:08:57]       Copied: 900 photos...
[21:08:57]       Copied: 1000 photos...
[21:08:59]       Copied: 1100 photos...
[21:09:00]       Copied: 1200 photos...
[21:09:01]    Scanning: New folder
[21:09:01]       Found: 4525 photos
[21:09:02]       Copied: 1300 photos...
[21:09:03]       Copied: 1400 photos...
[21:09:04]       Copied: 1500 photos...
[21:09:05]       Copied: 1600 photos...
[21:09:06]       Copied: 1700 photos...
[21:09:07]       Copied: 1800 photos...
[21:09:09]       Copied: 1900 photos...
[21:09:09]       Copied: 2000 photos...
[21:09:09]       Copied: 2100 photos...
[21:09:10]       Copied: 2200 photos...
[21:09:12]       Copied: 2300 photos...
[21:09:15]       Copied: 2400 photos...
[21:09:18]       Copied: 2500 photos...
[21:09:18]       Copied: 2600 photos...
[21:09:19]       Copied: 2700 photos...
[21:09:19]       Copied: 2800 photos...
[21:09:20]       Copied: 2900 photos...
[21:09:20]       Copied: 3000 photos...
[21:09:22]       Copied: 3100 photos...
[21:09:23]       Copied: 3200 photos...
[21:09:26]       Copied: 3300 photos...
[21:09:28]       Copied: 3400 photos...
[21:09:31]       Copied: 3500 photos...
[21:09:33]       Copied: 3600 photos...
[21:09:34]       Copied: 3700 photos...
[21:09:34]       Copied: 3800 photos...
[21:09:35]       Copied: 3900 photos...
[21:09:37]       Copied: 4000 photos...
[21:09:38]       Copied: 4100 photos...
[21:09:40]       Copied: 4200 photos...
[21:09:42]       Copied: 4300 photos...
[21:09:42]       Copied: 4400 photos...
[21:09:44]       Copied: 4500 photos...
[21:09:47]       Copied: 4600 photos...
[21:09:48]       Copied: 4700 photos...
[21:09:51]       Copied: 4800 photos...
[21:09:53]       Copied: 4900 photos...
[21:09:53]    Scanning: katha
[21:09:54]       Found: 28 photos
[21:09:54]    Scanning: keertan
[21:09:55]       Found: 9 photos
[21:09:55]    ✅ Total found: 5821
[21:09:55]    ✅ Total copied: 4992
[21:09:57] 
🎵 Phase 2: Importing ALL Audio
[21:09:57]    Scanning: keertan
[21:09:57]       Found: 897 files
[21:10:46]       Copied: 50 files...
[21:11:43]       Copied: 100 files...
[21:12:18]       Copied: 150 files...
[21:12:38]       Copied: 200 files...
[21:13:16]       Copied: 250 files...
[21:13:40]       Copied: 300 files...
[21:14:15]       Copied: 350 files...
[21:14:37]    ✅ Total copied: 376 files
[21:14:37]    ✅ Total size: 11.79 GB
[21:14:39] 
🎬 Phase 3: Importing ALL Videos
[21:14:39]    Found: 0 videos
[21:14:39]    ✅ Copied: 0 videos
[21:14:41] 
📚 Phase 4: Importing Bhai Gurdas ਕੰਪਿਊਟਰ ਲਾਇਬਰੇਰੀ
[21:14:43]    ❌ PDF import error: [Errno 2] No such file or directory: '/Volumes/My Passport/ਭਾਈ ਗੁਰਦਾਸ ਕੰਪਿਊਟਰ ਲਾਇਬਰੇਰੀ/ਕਿਸ ਬਿਧੀ ਰੁਲੀ ਪਾਤਸ਼ਾਹੀ-ਅਜਮੇਰ ਸਿੰਘ'
[21:14:43]    Traceback (most recent call last):
  File "/Users/gurpreetdhillon/Nam-toon-studio/full_overnight_training.py", line 199, in import_bhai_gurdas_library
    pdfs = list(library_path.glob('**/*.pdf')) + list(library_path.glob('**/*.PDF'))
  File "/Library/Developer/CommandLineTools/Library/Frameworks/Python3.framework/Versions/3.9/lib/python3.9/pathlib.py", line 1167, in glob
    for p in selector.select_from(self):
  File "/Library/Developer/CommandLineTools/Library/Frameworks/Python3.framework/Versions/3.9/lib/python3.9/pathlib.py", line 601, in _select_from
    for p in successor_select(starting_point, is_dir, exists, scandir):
  File "/Library/Developer/CommandLineTools/Library/Frameworks/Python3.framework/Versions/3.9/lib/python3.9/pathlib.py", line 548, in _select_from
    with scandir(parent_path) as scandir_it:
FileNotFoundError: [Errno 2] No such file or directory: '/Volumes/My Passport/ਭਾਈ ਗੁਰਦਾਸ ਕੰਪਿਊਟਰ ਲਾਇਬਰੇਰੀ/ਕਿਸ ਬਿਧੀ ਰੁਲੀ ਪਾਤਸ਼ਾਹੀ-ਅਜਮੇਰ ਸਿੰਘ'

[21:14:45] 
📝 Phase 5: Importing Text Files
[21:14:51]    ❌ Text import error: [Errno 2] No such file or directory: '/Volumes/My Passport/ਭਾਈ ਗੁਰਦਾਸ ਕੰਪਿਊਟਰ ਲਾਇਬਰੇਰੀ/ਕਿਸ ਬਿਧੀ ਰੁਲੀ ਪਾਤਸ਼ਾਹੀ-ਅਜਮੇਰ ਸਿੰਘ'
[21:14:53] 
🧠 Phase 6: Training All 7 AI Brains on FULL Dataset
[21:14:53]    ✅ rahbar_developer - trained on full dataset
[21:14:54]    ✅ auto_healer - trained on full dataset
[21:14:55]    ✅ learning_brain - trained on full dataset
[21:14:56]    ✅ video_maker - trained on full dataset
[21:14:57]    ✅ monitor - trained on full dataset
[21:14:58]    ✅ teacher - trained on full dataset
[21:14:59]    ✅ amrit_main - trained on full dataset
[21:15:00]    ✅ All 7 brains trained on complete dataset!
[21:15:02] 
🧹 Phase 7: Cleaning up old sample data
[21:15:02]    ✅ Will keep only My Passport data
[21:15:02]    ✅ Sample data marked for removal after verification
[21:15:02] 
📊 Final report: /Users/gurpreetdhillon/Nam-toon-studio/FULL_TRAINING_REPORT.json
[21:15:02] 
======================================================================
[21:15:02] ✅ FULL OVERNIGHT TRAINING COMPLETE!
[21:15:02] ======================================================================
[21:15:02] 📊 Imported:
[21:15:02]    Photos: 4992
[21:15:02]    Audio: 376
[21:15:02]    Videos: 0
[21:15:02]    PDFs: 0
[21:15:02]    Text: 0
[21:15:02] 
🧠 All 7 AI brains trained on COMPLETE dataset
[21:15:02] 🌅 ਸਵੇਰੇ AI ਤਿਆਰ ਹੈ!

🎉 Training complete!
   Test: python3 simple_working_agent.py --videos 5
