🧠 Intelligent Video System Starting...
🧠 ============================================================
🧠 ============================================================
🧠 🎬 Scene: ਸ਼ੁਰੂਆਤ (Introduction)
🧠 ============================================================
🧠 
📊 Analyzing Scene...
🧠    Dialogue: 'ਰਾਮ ਖੁਸ਼ੀ ਨਾਲ ਬੋਲਿਆ, "ਹਾਂ ਮਾਂ ਜੀ, ਮੈਂ ਆ ...'
🧠    Detected: emotion=happy, action=standing
🧠 
🎨 Scene Style: day
🧠    Movement: No
🧠 
🎵 Processing Audio...
🧠 🎵 Cleaning audio: /Users/gurpreetdhillon/Nam-toon-studio/audio/dialogue_0.mp3
🧠    ✅ Cleaned: /Users/gurpreetdhillon/Nam-toon-studio/audio/dialogue_0_clean.mp3
🧠    Total duration: 4.92s
🧠    Adding background music (balanced volume)...
🧠 
🎭 Setting up characters...
🧠 
🎬 Generating video frames...
🧠 
💾 Writing video: INTELLIGENT_VIDEO.mp4
🧠 🎬 Creating video: INTELLIGENT_VIDEO.mp4
🧠    Duration: 4.92s, FPS: 24
🧠    Frame 0/118 (0.0s)
🧠    Frame 24/118 (1.0s)
🧠    Frame 48/118 (2.0s)
🧠    Frame 72/118 (3.0s)
🧠    Frame 96/118 (4.0s)
🧠 ✅ Video frames written: INTELLIGENT_VIDEO_temp.mp4
🧠 🎵 Adding audio: /Users/gurpreetdhillon/Nam-toon-studio/temp_smart_audio.mp3
🧠 ✅ Audio added successfully
🧠 🎉 Video complete: INTELLIGENT_VIDEO.mp4
🧠 
✅ INTELLIGENT VIDEO COMPLETE!
🧠 📽️  INTELLIGENT_VIDEO.mp4
🧠 ============================================================
🧠 
🎉 Done! System made all decisions automatically:
🧠    ✅ Analyzed dialogue context
🧠    ✅ Cleaned audio (removed noise)
🧠    ✅ Balanced music volume
🧠    ✅ Chose character animations
🧠    ✅ Positioned characters smartly
🧠    ✅ Added shadows and depth
🧠 
🚀 This is TRUE intelligence!
