🎯 [MASTER] 2025-12-04 19:35:18,717 - 🔍 Building pattern library from existing data...
🎯 [MASTER] 2025-12-04 19:35:18,717 - 📚 Found 5 brain files
🎯 [MASTER] 2025-12-04 19:35:18,717 - ✅ Pattern library built: 12 total patterns
🎯 [MASTER] 2025-12-04 19:35:18,717 - ✅ Master Training Orchestrator initialized
🎯 [MASTER] 2025-12-04 19:35:18,717 - 📊 Pattern library: 7 patterns loaded
🎯 [MASTER] 2025-12-04 19:35:18,717 - ================================================================================
🎯 [MASTER] 2025-12-04 19:35:18,717 - 🎯 MASTER TRAINING ORCHESTRATOR STARTING
🎯 [MASTER] 2025-12-04 19:35:18,717 - ================================================================================
🎯 [MASTER] 2025-12-04 19:35:18,717 - ⏰ Duration: 12 hours
🎯 [MASTER] 2025-12-04 19:35:18,717 - 🎬 Max training videos: 100
🎯 [MASTER] 2025-12-04 19:35:18,717 - 🗑️ Cleanup threshold: 150
🎯 [MASTER] 2025-12-04 19:35:18,717 - 
🎯 [MASTER] 2025-12-04 19:35:18,717 - 
🎯 [MASTER] 2025-12-04 19:35:18,717 - 🔄 CYCLE 1 - 19:35:18
🎯 [MASTER] 2025-12-04 19:35:18,717 - ------------------------------------------------------------
🎯 [MASTER] 2025-12-04 19:35:18,718 - 📊 Current training videos: 0
🎯 [MASTER] 2025-12-04 19:35:18,718 - 🧠 Consulting Rahbar AI for guidance...
🎯 [MASTER] 2025-12-04 19:35:18,751 - ✅ Rahbar AI guidance received
🎯 [MASTER] 2025-12-04 19:35:18,751 - 🎯 Assigning patterns to agents...
🎯 [MASTER] 2025-12-04 19:35:18,752 - ✅ Assigned patterns to 4 agents
🎯 [MASTER] 2025-12-04 19:35:18,752 - 🚀 Starting agent: agent_1_spiritual
🎯 [MASTER] 2025-12-04 19:35:18,752 -    Patterns: 3
🎯 [MASTER] 2025-12-04 19:35:18,752 -    Max videos: 30
🎯 [MASTER] 2025-12-04 19:35:18,753 - ✅ Agent agent_1_spiritual started (PID: 77015)
🎯 [MASTER] 2025-12-04 19:35:18,753 - 🚀 Starting agent: agent_2_culture
🎯 [MASTER] 2025-12-04 19:35:18,753 -    Patterns: 6
🎯 [MASTER] 2025-12-04 19:35:18,753 -    Max videos: 30
🎯 [MASTER] 2025-12-04 19:35:18,754 - ✅ Agent agent_2_culture started (PID: 77016)
🎯 [MASTER] 2025-12-04 19:35:18,754 - 🚀 Starting agent: agent_3_life
🎯 [MASTER] 2025-12-04 19:35:18,754 -    Patterns: 3
🎯 [MASTER] 2025-12-04 19:35:18,754 -    Max videos: 20
🎯 [MASTER] 2025-12-04 19:35:18,755 - ✅ Agent agent_3_life started (PID: 77017)
🎯 [MASTER] 2025-12-04 19:35:18,755 - 🚀 Starting agent: agent_4_tech
🎯 [MASTER] 2025-12-04 19:35:18,755 -    Patterns: 1
🎯 [MASTER] 2025-12-04 19:35:18,755 -    Max videos: 20
🎯 [MASTER] 2025-12-04 19:35:18,756 - ✅ Agent agent_4_tech started (PID: 77018)
🎯 [MASTER] 2025-12-04 19:35:18,756 - 👁️ Monitoring agents...
🎯 [MASTER] 2025-12-04 19:35:18,756 -    agent_1_spiritual: Running for 0.0 minutes
🎯 [MASTER] 2025-12-04 19:35:18,756 -    agent_2_culture: Running for 0.0 minutes
🎯 [MASTER] 2025-12-04 19:35:18,756 -    agent_3_life: Running for 0.0 minutes
🎯 [MASTER] 2025-12-04 19:35:18,756 -    agent_4_tech: Running for 0.0 minutes
🎯 [MASTER] 2025-12-04 19:35:18,756 - 😴 Sleeping 30 minutes until next cycle...
