👨‍💻 [RAHBAR] ======================================================================
👨‍💻 [RAHBAR] 👨‍💻 RAHBAR AI DEVELOPER STARTING...
👨‍💻 [RAHBAR]    ਵਾਹਿਗੁਰੂ ਜੀ ਕਾ ਖਾਲਸਾ, ਵਾਹਿਗੁਰੂ ਜੀ ਕੀ ਫ਼ਤਿਹ
👨‍💻 [RAHBAR] ======================================================================
👨‍💻 [RAHBAR] 
🙏 Spiritual Anchor: ੴ ਸਤਿਨਾਮ
👨‍💻 [RAHBAR]    Supreme Controller: Amrit Kaur
👨‍💻 [RAHBAR]    Guardian: DroneMa
👨‍💻 [RAHBAR]    Authority: FULL_DEVELOPMENT_ACCESS
👨‍💻 [RAHBAR]    Core Values: Love, Trust, Seva, Humility
👨‍💻 [RAHBAR] 🎬 Creating video: /tmp/temp_video.mp4
👨‍💻 [RAHBAR]    Duration: 14.608s, FPS: 30
👨‍💻 [RAHBAR]    Frame 0/438 (0.0s)
👨‍💻 [RAHBAR]    Frame 24/438 (0.8s)
👨‍💻 [RAHBAR]    Frame 48/438 (1.6s)
👨‍💻 [RAHBAR]    Frame 72/438 (2.4s)
👨‍💻 [RAHBAR]    Frame 96/438 (3.2s)
👨‍💻 [RAHBAR]    Frame 120/438 (4.0s)
👨‍💻 [RAHBAR]    Frame 144/438 (4.8s)
👨‍💻 [RAHBAR]    Frame 168/438 (5.6s)
👨‍💻 [RAHBAR]    Frame 192/438 (6.4s)
👨‍💻 [RAHBAR]    Frame 216/438 (7.2s)
👨‍💻 [RAHBAR]    Frame 240/438 (8.0s)
👨‍💻 [RAHBAR]    Frame 264/438 (8.8s)
👨‍💻 [RAHBAR]    Frame 288/438 (9.6s)
👨‍💻 [RAHBAR]    Frame 312/438 (10.4s)
👨‍💻 [RAHBAR]    Frame 336/438 (11.2s)
👨‍💻 [RAHBAR]    Frame 360/438 (12.0s)
👨‍💻 [RAHBAR]    Frame 384/438 (12.8s)
👨‍💻 [RAHBAR]    Frame 408/438 (13.6s)
👨‍💻 [RAHBAR]    Frame 432/438 (14.4s)
👨‍💻 [RAHBAR] ✅ Video frames written: /tmp/temp_video_temp.mp4
👨‍💻 [RAHBAR] 🎉 Video complete: /tmp/temp_video.mp4
📚 Loaded 8 lessons
🧠 Rahbar Auto-Learner initialized

======================================================================
🚀 RAHBAR AI FULL LEARNING CYCLE STARTING
   ਵਾਹਿਗੁਰੂ ਜੀ ਕਾ ਖਾਲਸਾ, ਵਾਹਿਗੁਰੂ ਜੀ ਕੀ ਫਤਿਹ
======================================================================

======================================================================
📖 RAHBAR AI STUDYING LESSONS...
======================================================================

📌 Lesson 1: Agent Configuration Loading Issue
   Problem: Agents were stuck in TN (stopped) state, no videos created
   Importance: CRITICAL
   Key Learning: Always verify config loading works BEFORE spawning multiple processes

📌 Lesson 2: Testing Before Deployment
   Problem: Launched 4 agents without testing if one works
   Importance: HIGH
   Key Learning: Test small, then scale. Don't assume.

📌 Lesson 3: Process State Monitoring
   Problem: Processes showed 'TN' state but we didn't catch it early
   Importance: HIGH
   Key Learning: Monitor process health actively, not just assume it's working

📌 Lesson 4: Simplicity Over Complexity
   Problem: Complex orchestrator with 4 agents, configs, patterns - too many moving parts
   Importance: CRITICAL
   Key Learning: Start simple. Add complexity only when simple version works perfectly.

📌 Lesson 5: Method Name Mismatch
   Problem: autonomous_learning_agent calls video_maker.create_video() but integrated_smart_video_maker doesn't have that method
   Importance: HIGH
   Key Learning: Never assume method names. Always check the actual class definition.

📌 Lesson 6: Data Flow Understanding
   Problem: User wants existing data (brain files, gurbani) used in training
   Importance: MEDIUM
   Key Learning: User's existing data is valuable - make sure to USE it, not ignore it

📌 Lesson 7: Auto-Cleanup Logic
   Problem: Training videos accumulate, user wants automatic deletion
   Importance: MEDIUM
   Key Learning: Automate maintenance tasks. Don't let system fill up.

📌 Lesson 8: User Feedback Integration
   Problem: User said 'eh kamm ni kar ria' - agents not working
   Importance: CRITICAL
   Key Learning: When user says 'not working', believe them! Check immediately, don't assume.

✅ Studied 8 lessons

======================================================================
🎯 ANALYZING PRIORITIES...
======================================================================

📋 Priority Order:

1. [CRITICAL] Test video creation end-to-end before automation
   Complexity: LOW
   Time: 15 minutes
   Approach: Run python3 simple_working_agent.py --videos 2

2. [URGENT] Fix autonomous_learning_agent.py config loading
   Complexity: LOW
   Time: 30 minutes
   Approach: Add config file loading logic in main() function

3. [URGENT] Create working agent that actually produces videos
   Complexity: LOW
   Time: 30 minutes
   Approach: Use simple_working_agent.py as template

4. [HIGH] Add process health monitoring to orchestrator
   Complexity: MEDIUM
   Time: 1 hour
   Approach: Check CPU%, state, and restart if stuck

======================================================================
🔧 GENERATING FIX: Agent Config Loading
======================================================================

📝 Problem: Agents were stuck in TN (stopped) state, no videos created
🎯 Solution: Need to add config loading logic in autonomous_learning_agent.py main() function

💾 Fix Code Generated:

# FIX TO ADD IN autonomous_learning_agent.py main() function:

# After args = parser.parse_args()
# After agent = AutonomousLearningAgent()

# Add this block:
if args.config:
    import json
    from pathlib import Path
    try:
        config_path = Path(args.config)
        if config_path.exists():
            with open(config_path, 'r', encoding='utf-8') as f:
                custom_config = json.load(f)
                
            # Load custom patterns if provided
            if 'patterns' in custom_config:
                print(f"✅ Loading {len(custom_config['patterns'])} custom patterns from config")
                agent.training_scenarios = custom_config['patterns']
                
            # Load other config options
            if 'max_videos' in custom_config:
                # Use config max_videos if not overridden by CLI
                if not hasattr(args, 'max_videos') or args.max_videos == 20:
                    args.max_videos = custom_config['max_videos']
                    
            print(f"✅ Config loaded from {args.config}")
        else:
            print(f"⚠️ Config file not found: {args.config}")
    except Exception as e:
        print(f"❌ Error loading config: {e}")
        import traceback
        traceback.print_exc()


✅ Fix saved to: /Users/gurpreetdhillon/Nam-toon-studio/FIX_agent_config_loading.txt

======================================================================
🔧 CREATING SIMPLE WORKING AGENT
======================================================================
📖 Following lesson: Simplicity Over Complexity
🎯 Approach: Start simple. Add complexity only when simple version works perfectly.
✅ Simple working agent already exists: /Users/gurpreetdhillon/Nam-toon-studio/simple_working_agent.py
   Size: 5186 bytes

======================================================================
🧪 TESTING SIMPLE AGENT
======================================================================
📝 Test Plan:
   1. Import simple_working_agent
   2. Create agent instance
   3. Create 1 test video
   4. Verify video exists

🔍 Importing agent...
🔍 Loading video maker...
✅ Libraries loaded
✅ Import successful

🔧 Creating agent instance...
✅ Simple Agent ready with 5 scenarios
✅ Agent created
   Scenarios available: 5

🎬 Creating test video...

============================================================
🎬 Creating: spiritual
============================================================

======================================================================
🎬 REALISTIC MOVIE MAKER
   Photo-Quality Visuals • Punjabi Voice • Background Music
======================================================================

✅ Found 2 scene(s)

🔊 Generating voice narration...
   Scene 1: 6.8s
   Scene 2: 7.8s

🎥 Scene 1/2: ਸਵੇਰੇ ਜਪੁਜੀ ਸਾਹਿਬ ਦਾ ਪਾਠ ਕੀਤਾ। Did Japji Sahib pat...
   ✅ Generated 205 frames

🎥 Scene 2/2: ਮਨ ਸ਼ਾਂਤ ਹੋ ਗਿਆ, ਸੁਕੂਨ ਮਿਲਿਆ। Mind became peaceful...
   ✅ Generated 233 frames

🔗 Combining 2 scenes...

💾 Writing video...

🎵 Adding background music...

🔗 Merging audio...

======================================================================
✅ REALISTIC MOVIE CREATED!
======================================================================
📁 File: training_spiritual_20251204_194353
📊 Size: 0.70 MB
⏱️  Duration: 14.6s
🎬 Scenes: 2
🎞️  Total Frames: 438
🎥 FPS: 30
📐 Resolution: 1920x1080
🔊 Voice: ✅ Yes
🎵 Music: ✅ Yes
🎨 Quality: ⭐⭐⭐⭐⭐ REALISTIC!
======================================================================

❌ Video creation failed
❌ TEST FAILED: Video creation failed

======================================================================
📋 RAHBAR AI ACTION PLAN
======================================================================

✅ Action plan saved: /Users/gurpreetdhillon/Nam-toon-studio/rahbar_action_plan.json

📋 IMMEDIATE ACTIONS:

1. [CRITICAL] Test simple_working_agent.py
   Reason: Verify we have a working baseline
   Command: python3 simple_working_agent.py --videos 2 --delay 2

2. [URGENT] Fix autonomous_learning_agent.py config loading
   Reason: Original agent can't load custom patterns

3. [HIGH] Add process health monitoring
   Reason: Detect stuck agents early

======================================================================
✅ RAHBAR AI LEARNING CYCLE COMPLETE
======================================================================

📚 Summary:
   Lessons studied: 8
   Fixes generated: 1 (agent config)
   Action items: 3
   Simple agent: ✅ Ready

🎯 NEXT STEPS FOR HUMAN:
   1. Review: rahbar_action_plan.json
   2. Apply fix: FIX_agent_config_loading.txt
   3. Test: python3 simple_working_agent.py --videos 2
   4. Deploy: Only after testing works!

✅ Rahbar AI learning complete!
   Results: {
  "lessons_studied": 8,
  "fixes_generated": 1,
  "plan_created": true,
  "simple_agent_ready": true
}
