
======================================================================
👑 RAHBAR DAEMON STARTING
   Running in background - no terminal attachment
   ਵਾਹਿਗੁਰੂ ਜੀ ਕਾ ਖਾਲਸਾ, ਵਾਹਿਗੁਰੂ ਜੀ ਕੀ ਫਤਿਹ
======================================================================

📍 Cycle 1/8

======================================================================
🔄 Starting Rahbar cycle at 08:11 PM
======================================================================

⏰ Cycle timeout (10 minutes)
   📄 Log size: 10.5 KB
   🎬 Videos: 34 total, 34 recent
   😴 Sleeping 1 hour...

📍 Cycle 2/8

======================================================================
🔄 Starting Rahbar cycle at 09:32 PM
======================================================================

✅ Cycle completed successfully
   📄 Log size: 14.4 KB
   🎬 Videos: 49 total, 10 recent
   😴 Sleeping 1 hour...

📍 Cycle 3/8

======================================================================
🔄 Starting Rahbar cycle at 10:34 PM
======================================================================

✅ Cycle completed successfully
   📄 Log size: 18.2 KB
   🎬 Videos: 64 total, 15 recent
   😴 Sleeping 1 hour...

📍 Cycle 4/8

======================================================================
🔄 Starting Rahbar cycle at 11:35 PM
======================================================================

✅ Cycle completed successfully
   📄 Log size: 22.1 KB
   🎬 Videos: 79 total, 15 recent
   😴 Sleeping 1 hour...

📍 Cycle 5/8

======================================================================
🔄 Starting Rahbar cycle at 12:36 AM
======================================================================

✅ Cycle completed successfully
   📄 Log size: 25.9 KB
   🎬 Videos: 94 total, 15 recent
   😴 Sleeping 1 hour...

📍 Cycle 6/8

======================================================================
🔄 Starting Rahbar cycle at 01:38 AM
======================================================================

✅ Cycle completed successfully
   📄 Log size: 29.7 KB
   🎬 Videos: 109 total, 15 recent
   😴 Sleeping 1 hour...

📍 Cycle 7/8

======================================================================
🔄 Starting Rahbar cycle at 02:39 AM
======================================================================

✅ Cycle completed successfully
   📄 Log size: 33.6 KB
   🎬 Videos: 124 total, 15 recent
   😴 Sleeping 1 hour...

📍 Cycle 8/8

======================================================================
🔄 Starting Rahbar cycle at 03:40 AM
======================================================================

✅ Cycle completed successfully
   📄 Log size: 37.4 KB
   🎬 Videos: 139 total, 15 recent

======================================================================
✅ DAEMON COMPLETE
   Successful cycles: 7/8
======================================================================

